::a = nested.b
nested.b = ::a
nested.x = nested.b
::a = nested.x
